Configuration file: /workspaces/sihyun2988.github.io/_config.yml
            Source: /workspaces/sihyun2988.github.io
       Destination: /workspaces/sihyun2988.github.io/_site
 Incremental build: disabled. Enable with --incremental
      Generating... 
                    done in 2.263 seconds.
 Auto-regeneration: enabled for '/workspaces/sihyun2988.github.io'
LiveReload address: http://127.0.0.1:35729
    Server address: http://127.0.0.1:4001/
  Server running... press ctrl-c to stop.
      Regenerating: 1 file(s) changed at 2025-12-06 14:22:28
                    jekyll4001.log
                    ...done in 2.430933798 seconds.
                    
      Regenerating: 1 file(s) changed at 2025-12-06 14:22:31
                    jekyll4001.log
                    ...done in 0.883350146 seconds.
                    
      Regenerating: 1 file(s) changed at 2025-12-06 14:22:32
                    jekyll4001.log
                    ...done in 1.131863661 seconds.
                    
      Regenerating: 1 file(s) changed at 2025-12-06 14:22:33
                    jekyll4001.log
                    ...done in 1.090217295 seconds.
                    
      Regenerating: 1 file(s) changed at 2025-12-06 14:22:34
                    jekyll4001.log
        LiveReload: Browser connected
                    ...done in 1.341148648 seconds.
                    
      Regenerating: 1 file(s) changed at 2025-12-06 14:22:36
                    jekyll4001.log
                    ...done in 2.64579214 seconds.
                    
      Regenerating: 1 file(s) changed at 2025-12-06 14:22:38
                    jekyll4001.log
                    ...done in 2.82354446 seconds.
                    
      Regenerating: 1 file(s) changed at 2025-12-06 14:22:41
                    jekyll4001.log
                    ...done in 2.449253805 seconds.
                    
      Regenerating: 1 file(s) changed at 2025-12-06 14:22:44
                    jekyll4001.log
[33m             Error: No such file or directory @ apply2files - /workspaces/sihyun2988.github.io/_site/jekyll4001.log[0m
[33m             Error: Run jekyll build --trace for more information.[0m
                    
      Regenerating: 1 file(s) changed at 2025-12-06 14:22:47
                    jekyll4001.log
[33m             Error: No such file or directory @ apply2files - /workspaces/sihyun2988.github.io/_site/jekyll4001.log[0m
[33m             Error: Run jekyll build --trace for more information.[0m
                    
      Regenerating: 1 file(s) changed at 2025-12-06 14:22:48
                    jekyll4001.log
                    ...done in 1.028495151 seconds.
                    
      Regenerating: 1 file(s) changed at 2025-12-06 14:22:49
                    jekyll4001.log
                    ...done in 2.656404581 seconds.
                    
      Regenerating: 1 file(s) changed at 2025-12-06 14:22:52
                    jekyll4001.log
                    ...done in 2.952298657 seconds.
                    
      Regenerating: 1 file(s) changed at 2025-12-06 14:22:55
                    jekyll4001.log
                    ...done in 2.79898545 seconds.
                    
      Regenerating: 1 file(s) changed at 2025-12-06 14:22:57
                    jekyll4001.log
                    ...done in 2.462355053 seconds.
                    
      Regenerating: 1 file(s) changed at 2025-12-06 14:23:00
                    jekyll4001.log
                    ...done in 2.71864968 seconds.
                    
      Regenerating: 1 file(s) changed at 2025-12-06 14:23:03
                    jekyll4001.log
                    ...done in 2.369106172 seconds.
                    
      Regenerating: 1 file(s) changed at 2025-12-06 14:23:05
                    jekyll4001.log
                    ...done in 2.284397594 seconds.
                    
      Regenerating: 1 file(s) changed at 2025-12-06 14:23:08
                    jekyll4001.log
                    ...done in 2.224686779 seconds.
                    
      Regenerating: 1 file(s) changed at 2025-12-06 14:23:10
                    jekyll4001.log
                    ...done in 2.306237305 seconds.
                    
      Regenerating: 1 file(s) changed at 2025-12-06 14:23:12
                    jekyll4001.log
[33m             Error: No such file or directory @ apply2files - /workspaces/sihyun2988.github.io/_site/jekyll4001.log[0m
[33m             Error: Run jekyll build --trace for more information.[0m
                    
      Regenerating: 1 file(s) changed at 2025-12-06 14:23:15
                    jekyll4001.log
                    ...done in 1.135464113 seconds.
                    
      Regenerating: 1 file(s) changed at 2025-12-06 14:23:16
                    jekyll4001.log
