
> bundle exec jekyll s -l -H 127.0.0.1 --force_polling

Configuration file: /workspaces/sihyun2988.github.io/_config.yml
            Source: /workspaces/sihyun2988.github.io
       Destination: /workspaces/sihyun2988.github.io/_site
 Incremental build: disabled. Enable with --incremental
      Generating... 
                    done in 1.769 seconds.
 Auto-regeneration: enabled for '/workspaces/sihyun2988.github.io'
LiveReload address: http://127.0.0.1:35729
[31m                    ------------------------------------------------[0m
[31m      Jekyll 4.4.1   Please append `--trace` to the `serve` command [0m
[31m                     for any additional information or backtrace. [0m
[31m                    ------------------------------------------------[0m
/usr/local/lib/ruby/3.3.0/socket.rb:205:in `bind': Address already in use - bind(2) for 127.0.0.1:4000 (Errno::EADDRINUSE)
	from /usr/local/lib/ruby/3.3.0/socket.rb:205:in `listen'
	from /usr/local/lib/ruby/3.3.0/socket.rb:770:in `block in tcp_server_sockets'
	from /usr/local/lib/ruby/3.3.0/socket.rb:231:in `each'
	from /usr/local/lib/ruby/3.3.0/socket.rb:231:in `foreach'
	from /usr/local/lib/ruby/3.3.0/socket.rb:768:in `tcp_server_sockets'
	from /usr/local/rvm/gems/default/gems/webrick-1.9.2/lib/webrick/utils.rb:60:in `create_listeners'
	from /usr/local/rvm/gems/default/gems/webrick-1.9.2/lib/webrick/server.rb:130:in `listen'
	from /usr/local/rvm/gems/default/gems/webrick-1.9.2/lib/webrick/server.rb:111:in `initialize'
	from /usr/local/rvm/gems/default/gems/webrick-1.9.2/lib/webrick/httpserver.rb:47:in `initialize'
	from /usr/local/rvm/gems/default/gems/jekyll-4.4.1/lib/jekyll/commands/serve.rb:216:in `new'
	from /usr/local/rvm/gems/default/gems/jekyll-4.4.1/lib/jekyll/commands/serve.rb:216:in `start_up_webrick'
	from /usr/local/rvm/gems/default/gems/jekyll-4.4.1/lib/jekyll/commands/serve.rb:102:in `process'
	from /usr/local/rvm/gems/default/gems/jekyll-4.4.1/lib/jekyll/command.rb:91:in `block in process_with_graceful_fail'
	from /usr/local/rvm/gems/default/gems/jekyll-4.4.1/lib/jekyll/command.rb:91:in `each'
	from /usr/local/rvm/gems/default/gems/jekyll-4.4.1/lib/jekyll/command.rb:91:in `process_with_graceful_fail'
	from /usr/local/rvm/gems/default/gems/jekyll-4.4.1/lib/jekyll/commands/serve.rb:85:in `block (2 levels) in init_with_program'
	from /usr/local/rvm/gems/default/gems/mercenary-0.4.0/lib/mercenary/command.rb:221:in `block in execute'
	from /usr/local/rvm/gems/default/gems/mercenary-0.4.0/lib/mercenary/command.rb:221:in `each'
	from /usr/local/rvm/gems/default/gems/mercenary-0.4.0/lib/mercenary/command.rb:221:in `execute'
	from /usr/local/rvm/gems/default/gems/mercenary-0.4.0/lib/mercenary/program.rb:44:in `go'
	from /usr/local/rvm/gems/default/gems/mercenary-0.4.0/lib/mercenary.rb:21:in `program'
	from /usr/local/rvm/gems/default/gems/jekyll-4.4.1/exe/jekyll:15:in `<top (required)>'
	from /usr/local/lib/ruby/site_ruby/3.3.0/rubygems.rb:319:in `load'
	from /usr/local/lib/ruby/site_ruby/3.3.0/rubygems.rb:319:in `activate_and_load_bin_path'
	from /usr/local/rvm/gems/default/bin/jekyll:25:in `<top (required)>'
	from /usr/local/rvm/gems/default/gems/bundler-2.7.2/lib/bundler/cli/exec.rb:59:in `load'
	from /usr/local/rvm/gems/default/gems/bundler-2.7.2/lib/bundler/cli/exec.rb:59:in `kernel_load'
	from /usr/local/rvm/gems/default/gems/bundler-2.7.2/lib/bundler/cli/exec.rb:23:in `run'
	from /usr/local/rvm/gems/default/gems/bundler-2.7.2/lib/bundler/cli.rb:456:in `exec'
	from /usr/local/rvm/gems/default/gems/bundler-2.7.2/lib/bundler/vendor/thor/lib/thor/command.rb:28:in `run'
	from /usr/local/rvm/gems/default/gems/bundler-2.7.2/lib/bundler/vendor/thor/lib/thor/invocation.rb:127:in `invoke_command'
	from /usr/local/rvm/gems/default/gems/bundler-2.7.2/lib/bundler/vendor/thor/lib/thor.rb:538:in `dispatch'
	from /usr/local/rvm/gems/default/gems/bundler-2.7.2/lib/bundler/cli.rb:35:in `dispatch'
	from /usr/local/rvm/gems/default/gems/bundler-2.7.2/lib/bundler/vendor/thor/lib/thor/base.rb:584:in `start'
	from /usr/local/rvm/gems/default/gems/bundler-2.7.2/lib/bundler/cli.rb:29:in `start'
	from /usr/local/rvm/gems/default/gems/bundler-2.7.2/exe/bundle:28:in `block in <top (required)>'
	from /usr/local/rvm/gems/default/gems/bundler-2.7.2/lib/bundler/friendly_errors.rb:118:in `with_friendly_errors'
	from /usr/local/rvm/gems/default/gems/bundler-2.7.2/exe/bundle:20:in `<top (required)>'
	from /usr/local/lib/ruby/site_ruby/3.3.0/rubygems.rb:319:in `load'
	from /usr/local/lib/ruby/site_ruby/3.3.0/rubygems.rb:319:in `activate_and_load_bin_path'
	from /usr/local/rvm/gems/default/bin/bundle:25:in `<main>'
